<!DOCTYPE html><html lang="ru"><head>
<title>Курсы по программированию</title>
<link rel="shortcut icon" type="image/x-icon" href="https://cdn2.hexlet.io/assets/favicon-f5d8d6de8f142b12d62d657d0c3a49fd437282b92b0d418942f60657f79d805f.ico">
<link rel="stylesheet" media="all" href="hexlet-io-courses_files/hexlet-io-assets-application-8c09cda7aec4e387f473cc08d778b2a7f8a1e9bfe968af0633e6ab8c2f38e03f.css">
<link href="hexlet-io-courses_files/hexlet-io-courses.html" rel="canonical">
<meta charset="utf-8">
</head>
<body class="min-vh-100">
<div class="row row-cols-1 row-cols-sm-2 row-cols-lg-3">
<div class="col mb-4">
<div class="card h-100 shadow-sm x-shadow-fade-in">
<div class="card-body d-flex flex-column justify-content-between">
<img class="mb-4" width="50" height="50" alt="Иконка профессии Фронтенд-программист" src="hexlet-io-courses_files/hexlet-io-assets-professions-frontend-be958f979985faf47f82afea21e2d4f2ffb22b467f1c245d926dcb765b9ed953.svg">
<h3 class="h5 font-weight-medium mb-0">
<a class="x-link-without-decoration stretched-link" href="/professions/frontend">Фронтенд-программист</a>
</h3>
</div>
</div>
</div>
</div>
<script src="https://js.stripe.com/v3/"></script>
<script src="hexlet-io-courses_files/hexlet-io-packs-js-runtime-64630796b8e08f0f1f1d.js"></script>
</body></html>
